// Jest Snapshot v1, https://goo.gl/fbAQLP

exports[`slide-images.vue should render slide-images 1`] = `
<div class="slide-images slick-initialized slick-slider">
  <button class="slick-prev slick-arrow slick-disabled" aria-label="Previous" type="button" aria-disabled="true" style="">Previous</button>
  <div class="slick-list draggable">
    <div class="slick-track" style="opacity: 1; width: 0px; transform: translate(0px, 0px);">
      <div class="slick-slide slick-current slick-active" data-slick-index="0" aria-hidden="false" style="margin-left: 0px; width: 0px;">
        <div>
          <div style="width: 100%; display: inline-block;">
            <lazyimage-stub src="imageA.jpg" title="imageA"></lazyimage-stub>
            <p>imageA, credit by @some-one</p>
          </div>
        </div>
      </div>
      <div class="slick-slide" data-slick-index="1" aria-hidden="true" style="width: 0px;" tabindex="-1">
        <div>
          <div style="width: 100%; display: inline-block;">
            <lazyimage-stub src="imageB.jpg" title="imageB"></lazyimage-stub>
            <p>imageB, credit by @some-one-new</p>
          </div>
        </div>
      </div>
    </div>
  </div>
  <button class="slick-next slick-arrow" aria-label="Next" type="button" style="" aria-disabled="false">Next</button>
</div>
`;
